[+   0.00s] ======================================================================
[+   0.00s] Flight log: hover_loiter
[+   0.00s] Started: 2026-08-05T13:19:52
[+   0.00s] Mission: {'steps': [{'action': 'arm'}, {'action': 'takeoff', 'alt': 1.5}, {'action': 'set_mode', 'mode': 'LOITER'}, {'action': 'wait', 'seconds': 5}, {'action': 'land'}]}
[+   0.00s] ======================================================================
[+   0.12s] [script] Mission uploaded and stored on ESP32
[+   0.26s] POSITION lat=28.5841834 lon=77.3513285 relalt=0.40m hdg=170.2deg
[+   0.34s] VFR airspeed=0.1m/s groundspeed=0.1m/s climb=0.0m/s throttle=0%
[+   0.43s] [script] Preflight ready
[+   0.99s] SYS_STATUS battery=23.38V current=0.3A remaining=96% load=49.2%
[+   1.07s] GPS fix=3 sats=31 hdop=0.49 lat=28.5841831 lon=77.3513284 alt=193.54m
[+   1.11s] landed_state=1
[+   1.62s] landed_state=1
[+   1.62s] DISARMED (mode=LAND)
[+   1.62s] Mode change -> LAND
[+   2.09s] BATTERY remaining=96%
[+   2.10s] landed_state=1
[+   2.43s] POSITION lat=28.5841834 lon=77.3513285 relalt=0.38m hdg=170.3deg
[+   2.63s] COMMAND_ACK command=511 result=ACCEPTED
[+   3.09s] landed_state=1
[+   3.12s] VFR airspeed=0.1m/s groundspeed=0.0m/s climb=0.0m/s throttle=0%
[+   3.48s] SYS_STATUS battery=23.39V current=0.4A remaining=96% load=47.8%
[+   3.55s] GPS fix=3 sats=31 hdop=0.49 lat=28.5841832 lon=77.3513284 alt=193.53m
[+   3.58s] EKF flags=0x033F
[+   3.61s] landed_state=1
[+   3.80s] [script] Operator confirmed START at prompt
[+   3.81s] [script] START sent and acknowledged
[+   4.64s] COMMAND_ACK command=176 result=ACCEPTED
[+   4.65s] POSITION lat=28.5841835 lon=77.3513287 relalt=0.01m hdg=170.5deg
[+   4.65s] COMMAND_ACK command=400 result=ACCEPTED
[+   4.65s] COMMAND_ACK command=22 result=ACCEPTED
[+   4.84s] [script] Pixhawk accepted ARM
[+   5.09s] VIBRATION x=0.02 y=0.02 z=0.03 clipping=(0,0,0)
[+   5.11s] landed_state=1
[+   5.34s] VFR airspeed=0.1m/s groundspeed=0.1m/s climb=0.0m/s throttle=0%
[+   5.49s] SYS_STATUS battery=23.37V current=0.3A remaining=96% load=48.6%
[+   6.11s] landed_state=1
[+   7.10s] VIBRATION x=1.36 y=4.14 z=5.40 clipping=(0,0,0)
[+  11.07s] GPS fix=3 sats=31 hdop=0.49 lat=28.5841656 lon=77.3513228 alt=194.49m
[+  11.23s] POSITION lat=28.5841640 lon=77.3513244 relalt=1.29m hdg=6.0deg
[+  12.59s] EKF flags=0x033F
[+  13.34s] VFR airspeed=1.2m/s groundspeed=1.2m/s climb=0.1m/s throttle=38%
[+  13.64s] POSITION lat=28.5841323 lon=77.3513231 relalt=1.46m hdg=4.7deg
[+  14.12s] landed_state=2
[+  14.49s] SYS_STATUS battery=22.38V current=10.6A remaining=96% load=49.5%
[+  15.09s] EKF flags=0x033F
[+  15.62s] landed_state=2
[+  20.12s] landed_state=4
[+  20.61s] ARMED (mode=LAND)
[+  21.98s] SYS_STATUS battery=22.22V current=11.5A remaining=95% load=53.3%
[+  22.35s] VFR airspeed=0.2m/s groundspeed=0.0m/s climb=-0.2m/s throttle=37%
[+  22.44s] POSITION lat=28.5840335 lon=77.3513448 relalt=0.68m hdg=3.7deg
[+  24.12s] landed_state=4
[+  25.99s] SYS_STATUS battery=22.31V current=8.0A remaining=95% load=53.1%
[+  26.23s] POSITION lat=28.5840452 lon=77.3513371 relalt=-0.23m hdg=119.4deg
[+  43.12s] [script] Operator pressed Ctrl+C — sending STOP/LAND
[+  45.13s] ======================================================================
[+  45.13s] Ended: 2026-08-05T13:20:38 (duration 45.1s)
[+  45.13s] ======================================================================
